// Jest Snapshot v1, https://goo.gl/fbAQLP

exports[`RotatePictureScreen Rendering should match to snapshot 1`] = `
ShallowWrapper {
  Symbol(enzyme.__root__): [Circular],
  Symbol(enzyme.__unrendered__): <RotatePictureScreen />,
  Symbol(enzyme.__renderer__): Object {
    "batchedUpdates": [Function],
    "checkPropTypes": [Function],
    "getNode": [Function],
    "render": [Function],
    "simulateError": [Function],
    "simulateEvent": [Function],
    "unmount": [Function],
  },
  Symbol(enzyme.__node__): Object {
    "instance": null,
    "key": undefined,
    "nodeType": "class",
    "props": Object {
      "children": Array [
        <View
          style={
            Object {
              "alignSelf": "center",
              "flex": 1,
              "flexDirection": "row",
              "marginVertical": 20,
            }
          }
        >
          <TextInput
            allowFontScaling={true}
            keyboardType="number-pad"
            maxLength={1}
            onChangeText={[Function]}
            placeholder="n value"
            rejectResponderTermination={true}
            style={
              Object {
                "borderColor": "#595959",
                "borderRadius": 10,
                "borderWidth": 1,
                "height": 50,
                "justifyContent": "center",
                "paddingHorizontal": 10,
                "width": 150,
              }
            }
            underlineColorAndroid="transparent"
            value={null}
          />
          <Button
            disabled={true}
            name="Add"
            onPress={[Function]}
            style={
              Object {
                "marginLeft": 10,
                "marginVertical": 0,
                "width": 150,
              }
            }
          />
        </View>,
        <Text
          style={
            Object {
              "fontStyle": "italic",
              "marginTop": 10,
              "textAlign": "center",
            }
          }
        >
          Note : Please add n value 
        </Text>,
        null,
        null,
      ],
      "style": Object {
        "backgroundColor": "rgba(0,0,0,0)",
        "flex": 1,
        "marginHorizontal": 15,
        "paddingTop": 10,
      },
    },
    "ref": null,
    "rendered": Array [
      Object {
        "instance": null,
        "key": undefined,
        "nodeType": "class",
        "props": Object {
          "children": Array [
            <TextInput
              allowFontScaling={true}
              keyboardType="number-pad"
              maxLength={1}
              onChangeText={[Function]}
              placeholder="n value"
              rejectResponderTermination={true}
              style={
                Object {
                  "borderColor": "#595959",
                  "borderRadius": 10,
                  "borderWidth": 1,
                  "height": 50,
                  "justifyContent": "center",
                  "paddingHorizontal": 10,
                  "width": 150,
                }
              }
              underlineColorAndroid="transparent"
              value={null}
            />,
            <Button
              disabled={true}
              name="Add"
              onPress={[Function]}
              style={
                Object {
                  "marginLeft": 10,
                  "marginVertical": 0,
                  "width": 150,
                }
              }
            />,
          ],
          "style": Object {
            "alignSelf": "center",
            "flex": 1,
            "flexDirection": "row",
            "marginVertical": 20,
          },
        },
        "ref": null,
        "rendered": Array [
          Object {
            "instance": null,
            "key": undefined,
            "nodeType": "class",
            "props": Object {
              "allowFontScaling": true,
              "keyboardType": "number-pad",
              "maxLength": 1,
              "onChangeText": [Function],
              "placeholder": "n value",
              "rejectResponderTermination": true,
              "style": Object {
                "borderColor": "#595959",
                "borderRadius": 10,
                "borderWidth": 1,
                "height": 50,
                "justifyContent": "center",
                "paddingHorizontal": 10,
                "width": 150,
              },
              "underlineColorAndroid": "transparent",
              "value": null,
            },
            "ref": null,
            "rendered": null,
            "type": [Function],
          },
          Object {
            "instance": null,
            "key": undefined,
            "nodeType": "function",
            "props": Object {
              "disabled": true,
              "name": "Add",
              "onPress": [Function],
              "style": Object {
                "marginLeft": 10,
                "marginVertical": 0,
                "width": 150,
              },
            },
            "ref": null,
            "rendered": null,
            "type": [Function],
          },
        ],
        "type": [Function],
      },
      Object {
        "instance": null,
        "key": undefined,
        "nodeType": "class",
        "props": Object {
          "children": "Note : Please add n value ",
          "style": Object {
            "fontStyle": "italic",
            "marginTop": 10,
            "textAlign": "center",
          },
        },
        "ref": null,
        "rendered": "Note : Please add n value ",
        "type": [Function],
      },
      null,
      null,
    ],
    "type": [MockFunction],
  },
  Symbol(enzyme.__nodes__): Array [
    Object {
      "instance": null,
      "key": undefined,
      "nodeType": "class",
      "props": Object {
        "children": Array [
          <View
            style={
              Object {
                "alignSelf": "center",
                "flex": 1,
                "flexDirection": "row",
                "marginVertical": 20,
              }
            }
          >
            <TextInput
              allowFontScaling={true}
              keyboardType="number-pad"
              maxLength={1}
              onChangeText={[Function]}
              placeholder="n value"
              rejectResponderTermination={true}
              style={
                Object {
                  "borderColor": "#595959",
                  "borderRadius": 10,
                  "borderWidth": 1,
                  "height": 50,
                  "justifyContent": "center",
                  "paddingHorizontal": 10,
                  "width": 150,
                }
              }
              underlineColorAndroid="transparent"
              value={null}
            />
            <Button
              disabled={true}
              name="Add"
              onPress={[Function]}
              style={
                Object {
                  "marginLeft": 10,
                  "marginVertical": 0,
                  "width": 150,
                }
              }
            />
          </View>,
          <Text
            style={
              Object {
                "fontStyle": "italic",
                "marginTop": 10,
                "textAlign": "center",
              }
            }
          >
            Note : Please add n value 
          </Text>,
          null,
          null,
        ],
        "style": Object {
          "backgroundColor": "rgba(0,0,0,0)",
          "flex": 1,
          "marginHorizontal": 15,
          "paddingTop": 10,
        },
      },
      "ref": null,
      "rendered": Array [
        Object {
          "instance": null,
          "key": undefined,
          "nodeType": "class",
          "props": Object {
            "children": Array [
              <TextInput
                allowFontScaling={true}
                keyboardType="number-pad"
                maxLength={1}
                onChangeText={[Function]}
                placeholder="n value"
                rejectResponderTermination={true}
                style={
                  Object {
                    "borderColor": "#595959",
                    "borderRadius": 10,
                    "borderWidth": 1,
                    "height": 50,
                    "justifyContent": "center",
                    "paddingHorizontal": 10,
                    "width": 150,
                  }
                }
                underlineColorAndroid="transparent"
                value={null}
              />,
              <Button
                disabled={true}
                name="Add"
                onPress={[Function]}
                style={
                  Object {
                    "marginLeft": 10,
                    "marginVertical": 0,
                    "width": 150,
                  }
                }
              />,
            ],
            "style": Object {
              "alignSelf": "center",
              "flex": 1,
              "flexDirection": "row",
              "marginVertical": 20,
            },
          },
          "ref": null,
          "rendered": Array [
            Object {
              "instance": null,
              "key": undefined,
              "nodeType": "class",
              "props": Object {
                "allowFontScaling": true,
                "keyboardType": "number-pad",
                "maxLength": 1,
                "onChangeText": [Function],
                "placeholder": "n value",
                "rejectResponderTermination": true,
                "style": Object {
                  "borderColor": "#595959",
                  "borderRadius": 10,
                  "borderWidth": 1,
                  "height": 50,
                  "justifyContent": "center",
                  "paddingHorizontal": 10,
                  "width": 150,
                },
                "underlineColorAndroid": "transparent",
                "value": null,
              },
              "ref": null,
              "rendered": null,
              "type": [Function],
            },
            Object {
              "instance": null,
              "key": undefined,
              "nodeType": "function",
              "props": Object {
                "disabled": true,
                "name": "Add",
                "onPress": [Function],
                "style": Object {
                  "marginLeft": 10,
                  "marginVertical": 0,
                  "width": 150,
                },
              },
              "ref": null,
              "rendered": null,
              "type": [Function],
            },
          ],
          "type": [Function],
        },
        Object {
          "instance": null,
          "key": undefined,
          "nodeType": "class",
          "props": Object {
            "children": "Note : Please add n value ",
            "style": Object {
              "fontStyle": "italic",
              "marginTop": 10,
              "textAlign": "center",
            },
          },
          "ref": null,
          "rendered": "Note : Please add n value ",
          "type": [Function],
        },
        null,
        null,
      ],
      "type": [MockFunction],
    },
  ],
  Symbol(enzyme.__options__): Object {
    "adapter": ReactSixteenAdapter {
      "options": Object {
        "enableComponentDidUpdateOnSetState": true,
        "legacyContextMode": "parent",
        "lifecycles": Object {
          "componentDidUpdate": Object {
            "onSetState": true,
          },
          "getChildContext": Object {
            "calledByRenderer": false,
          },
          "getDerivedStateFromError": true,
          "getDerivedStateFromProps": Object {
            "hasShouldComponentUpdateBug": false,
          },
          "getSnapshotBeforeUpdate": true,
          "setState": Object {
            "skipsComponentDidUpdateOnNullish": true,
          },
        },
      },
    },
    Symbol(enzyme.__providerValues__): undefined,
  },
  Symbol(enzyme.__providerValues__): Map {},
  Symbol(enzyme.__childContext__): null,
}
`;
