// Jest Snapshot v1, https://goo.gl/fbAQLP

exports[`Box Rendering should match to snapshot 1`] = `
ShallowWrapper {
  Symbol(enzyme.__root__): [Circular],
  Symbol(enzyme.__unrendered__): <Box
    nMatrix={1}
    value={1}
  />,
  Symbol(enzyme.__renderer__): Object {
    "batchedUpdates": [Function],
    "checkPropTypes": [Function],
    "getNode": [Function],
    "render": [Function],
    "simulateError": [Function],
    "simulateEvent": [Function],
    "unmount": [Function],
  },
  Symbol(enzyme.__node__): Object {
    "instance": null,
    "key": undefined,
    "nodeType": "class",
    "props": Object {
      "children": <Text>
        1
      </Text>,
      "style": Array [
        Object {
          "alignItems": "center",
          "backgroundColor": "white",
          "borderColor": "#000",
          "borderWidth": 1,
          "justifyContent": "center",
          "marginRight": -1,
          "marginTop": -1,
        },
        Object {
          "backgroundColor": "rgb(255,200,1)",
          "height": 210,
          "width": 210,
        },
      ],
    },
    "ref": null,
    "rendered": Object {
      "instance": null,
      "key": undefined,
      "nodeType": "class",
      "props": Object {
        "children": 1,
      },
      "ref": null,
      "rendered": 1,
      "type": [Function],
    },
    "type": [Function],
  },
  Symbol(enzyme.__nodes__): Array [
    Object {
      "instance": null,
      "key": undefined,
      "nodeType": "class",
      "props": Object {
        "children": <Text>
          1
        </Text>,
        "style": Array [
          Object {
            "alignItems": "center",
            "backgroundColor": "white",
            "borderColor": "#000",
            "borderWidth": 1,
            "justifyContent": "center",
            "marginRight": -1,
            "marginTop": -1,
          },
          Object {
            "backgroundColor": "rgb(255,200,1)",
            "height": 210,
            "width": 210,
          },
        ],
      },
      "ref": null,
      "rendered": Object {
        "instance": null,
        "key": undefined,
        "nodeType": "class",
        "props": Object {
          "children": 1,
        },
        "ref": null,
        "rendered": 1,
        "type": [Function],
      },
      "type": [Function],
    },
  ],
  Symbol(enzyme.__options__): Object {
    "adapter": ReactSixteenAdapter {
      "options": Object {
        "enableComponentDidUpdateOnSetState": true,
        "legacyContextMode": "parent",
        "lifecycles": Object {
          "componentDidUpdate": Object {
            "onSetState": true,
          },
          "getChildContext": Object {
            "calledByRenderer": false,
          },
          "getDerivedStateFromError": true,
          "getDerivedStateFromProps": Object {
            "hasShouldComponentUpdateBug": false,
          },
          "getSnapshotBeforeUpdate": true,
          "setState": Object {
            "skipsComponentDidUpdateOnNullish": true,
          },
        },
      },
    },
    Symbol(enzyme.__providerValues__): undefined,
  },
  Symbol(enzyme.__providerValues__): Map {},
}
`;
